TrackSimplification[0] = Coordinate(latitude=0.0, longitude=0.0)
TrackSimplification[1] = Coordinate(latitude=1.0, longitude=1.0)
TrackSimplification[2] = Coordinate(latitude=3.0, longitude=-1.5)
