[{"name":"Cool track\n\nWas a nice track","type":"TrackType","points":[{"coordinate":{"latitude":0.0,"longitude":0.0},"time":1728667320000,"elevation":0.0,"temperature":0.0},{"coordinate":{"latitude":1.0,"longitude":0.0},"time":1728667380000,"elevation":10.0,"temperature":20.0},{"coordinate":{"latitude":1.0,"longitude":-2.0},"time":1728667440000,"elevation":-50.0,"temperature":-10.0}]}]