RichActivity(activity=Activity(uid=1, typeId=1, placeId=null, vehicle=null, description=2024-12-18T20:26+01, favorite=false, imageName=null, feel=Ok, intensity=null, startTime=Wed Dec 18 19:27:02 UTC 2024, endTime=Wed Dec 18 19:27:02 UTC 2024, distance=Distance(meters=0.0), movingDuration=Duration(elapsedMs=0), temperature=null, averageHeartRate=null, maximalHeartRate=null, totalAscent=Distance(meters=0.0), totalDescent=Distance(meters=0.0), trackPreview=SerializedTrackPreview(inner={"points":[{"latitude":37.421998,"longitude":-122.084}],"bounds":{"latitudeMin":37.421998,"latitudeMax":37.421998,"longitudeMin":-122.084,"longitudeMax":-122.084}})), type=Cycling, place=null)
